[    0.000000] Linux version 4.15.0-212-generic (buildd@lcy02-amd64-083) (gcc version 7.5.0 (Ubuntu 7.5.0-3ubuntu1~18.04)) #223-Ubuntu SMP Tue May 23 13:09:22 UTC 2023 (Ubuntu 4.15.0-212.223-generic 4.15.18)
[    0.000000] Command line: BOOT_IMAGE=/boot/vmlinuz-4.15.0-212-generic root=LABEL=cloudimg-rootfs ro console=tty1 console=ttyS0
[    0.000000] KERNEL supported cpus:
[    0.000000]   Intel GenuineIntel
[    0.000000]   AMD AuthenticAMD
[    0.000000]   Centaur CentaurHauls
[    0.000000] x86/fpu: x87 FPU will use FXSAVE
[    0.000000] e820: BIOS-provided physical RAM map:
[    0.000000] BIOS-e820: [mem 0x0000000000000000-0x000000000009fbff] usable
[    0.000000] BIOS-e820: [mem 0x000000000009fc00-0x000000000009ffff] reserved
[    0.000000] BIOS-e820: [mem 0x00000000000f0000-0x00000000000fffff] reserved
[    0.000000] BIOS-e820: [mem 0x0000000000100000-0x000000003ffeffff] usable
[    0.000000] BIOS-e820: [mem 0x000000003fff0000-0x000000003fffffff] ACPI data
[    0.000000] BIOS-e820: [mem 0x00000000fec00000-0x00000000fec00fff] reserved
[    0.000000] BIOS-e820: [mem 0x00000000fee00000-0x00000000fee00fff] reserved
[    0.000000] BIOS-e820: [mem 0x00000000fffc0000-0x00000000ffffffff] reserved
[    0.000000] NX (Execute Disable) protection: active
[    0.000000] SMBIOS 2.5 present.
[    0.000000] DMI: innotek GmbH VirtualBox/VirtualBox, BIOS VirtualBox 12/01/2006
[    0.000000] Hypervisor detected: KVM
[    0.000000] e820: last_pfn = 0x3fff0 max_arch_pfn = 0x400000000
[    0.000000] MTRR: Disabled
[    0.000000] x86/PAT: MTRRs disabled, skipping PAT initialization too.
[    0.000000] CPU MTRRs all blank - virtualized system.
[    0.000000] x86/PAT: Configuration [0-7]: WB  WT  UC- UC  WB  WT  UC- UC  
[    0.000000] found SMP MP-table at [mem 0x0009fff0-0x0009ffff]
[    0.000000] Scanning 1 areas for low memory corruption
[    0.000000] RAMDISK: [mem 0x359cb000-0x36cdcfff]
[    0.000000] ACPI: Early table checksum verification disabled
[    0.000000] ACPI: RSDP 0x00000000000E0000 000024 (v02 VBOX  )
[    0.000000] ACPI: XSDT 0x000000003FFF0030 00003C (v01 VBOX   VBOXXSDT 00000001 ASL  00000061)
[    0.000000] ACPI: FACP 0x000000003FFF00F0 0000F4 (v04 VBOX   VBOXFACP 00000001 ASL  00000061)
[    0.000000] ACPI: DSDT 0x000000003FFF0610 002353 (v02 VBOX   VBOXBIOS 00000002 INTL 20100528)
[    0.000000] ACPI: FACS 0x000000003FFF0200 000040
[    0.000000] ACPI: FACS 0x000000003FFF0200 000040
[    0.000000] ACPI: APIC 0x000000003FFF0240 00005C (v02 VBOX   VBOXAPIC 00000001 ASL  00000061)
[    0.000000] ACPI: SSDT 0x000000003FFF02A0 00036C (v01 VBOX   VBOXCPUT 00000002 INTL 20100528)
[    0.000000] ACPI: Reserving FACP table memory at [mem 0x3fff00f0-0x3fff01e3]
[    0.000000] ACPI: Reserving DSDT table memory at [mem 0x3fff0610-0x3fff2962]
[    0.000000] ACPI: Reserving FACS table memory at [mem 0x3fff0200-0x3fff023f]
[    0.000000] ACPI: Reserving FACS table memory at [mem 0x3fff0200-0x3fff023f]
[    0.000000] ACPI: Reserving APIC table memory at [mem 0x3fff0240-0x3fff029b]
[    0.000000] ACPI: Reserving SSDT table memory at [mem 0x3fff02a0-0x3fff060b]
[    0.000000] No NUMA configuration found
[    0.000000] Faking a node at [mem 0x0000000000000000-0x000000003ffeffff]
[    0.000000] NODE_DATA(0) allocated [mem 0x3ffc5000-0x3ffeffff]
[    0.000000] kvm-clock: cpu 0, msr 0:3ff44001, primary cpu clock
[    0.000000] kvm-clock: Using msrs 4b564d01 and 4b564d00
[    0.000000] kvm-clock: using sched offset of 5173871813 cycles
[    0.000000] clocksource: kvm-clock: mask: 0xffffffffffffffff max_cycles: 0x1cd42e4dffb, max_idle_ns: 881590591483 ns
[    0.000000] Zone ranges:
[    0.000000]   DMA      [mem 0x0000000000001000-0x0000000000ffffff]
[    0.000000]   DMA32    [mem 0x0000000001000000-0x000000003ffeffff]
[    0.000000]   Normal   empty
[    0.000000]   Device   empty
[    0.000000] Movable zone start for each node
[    0.000000] Early memory node ranges
[    0.000000]   node   0: [mem 0x0000000000001000-0x000000000009efff]
[    0.000000]   node   0: [mem 0x0000000000100000-0x000000003ffeffff]
[    0.000000] Reserved but unavailable: 104 pages
[    0.000000] Initmem setup node 0 [mem 0x0000000000001000-0x000000003ffeffff]
[    0.000000] ACPI: PM-Timer IO Port: 0x4008
[    0.000000] IOAPIC[0]: apic_id 2, version 32, address 0xfec00000, GSI 0-23
[    0.000000] ACPI: INT_SRC_OVR (bus 0 bus_irq 0 global_irq 2 dfl dfl)
[    0.000000] ACPI: INT_SRC_OVR (bus 0 bus_irq 9 global_irq 9 low level)
[    0.000000] Using ACPI (MADT) for SMP configuration information
[    0.000000] smpboot: Allowing 2 CPUs, 0 hotplug CPUs
[    0.000000] PM: Registered nosave memory: [mem 0x00000000-0x00000fff]
[    0.000000] PM: Registered nosave memory: [mem 0x0009f000-0x0009ffff]
[    0.000000] PM: Registered nosave memory: [mem 0x000a0000-0x000effff]
[    0.000000] PM: Registered nosave memory: [mem 0x000f0000-0x000fffff]
[    0.000000] e820: [mem 0x40000000-0xfebfffff] available for PCI devices
[    0.000000] Booting paravirtualized kernel on KVM
[    0.000000] clocksource: refined-jiffies: mask: 0xffffffff max_cycles: 0xffffffff, max_idle_ns: 7645519600211568 ns
[    0.000000] setup_percpu: NR_CPUS:8192 nr_cpumask_bits:2 nr_cpu_ids:2 nr_node_ids:1
[    0.000000] percpu: Embedded 50 pages/cpu s167936 r8192 d28672 u1048576
[    0.000000] PV qspinlock hash table entries: 256 (order: 0, 4096 bytes)
[    0.000000] Built 1 zonelists, mobility grouping on.  Total pages: 257913
[    0.000000] Policy zone: DMA32
[    0.000000] Kernel command line: BOOT_IMAGE=/boot/vmlinuz-4.15.0-212-generic root=LABEL=cloudimg-rootfs ro console=tty1 console=ttyS0
[    0.000000] Memory: 982644K/1048120K available (12300K kernel code, 2477K rwdata, 4324K rodata, 2480K init, 2720K bss, 65476K reserved, 0K cma-reserved)
[    0.000000] SLUB: HWalign=64, Order=0-3, MinObjects=0, CPUs=2, Nodes=1
[    0.000000] Kernel/User page tables isolation: enabled
[    0.000000] ftrace: allocating 39508 entries in 155 pages
[    0.004000] Hierarchical RCU implementation.
[    0.004000] 	RCU restricting CPUs from NR_CPUS=8192 to nr_cpu_ids=2.
[    0.004000] 	Tasks RCU enabled.
[    0.004000] RCU: Adjusting geometry for rcu_fanout_leaf=16, nr_cpu_ids=2
[    0.004000] NR_IRQS: 524544, nr_irqs: 440, preallocated irqs: 16
[    0.004000] random: crng init done
[    0.004000] Console: colour VGA+ 80x25
[    0.004000] console [tty1] enabled
[    0.004000] console [ttyS0] enabled
[    0.004000] ACPI: Core revision 20170831
[    0.004000] ACPI: 2 ACPI AML tables successfully acquired and loaded
[    0.004000] APIC: Switch to symmetric I/O mode setup
[    0.004000] ..TIMER: vector=0x30 apic1=0 pin1=2 apic2=-1 pin2=-1
[    0.004000] tsc: Detected 2591.998 MHz processor
[    0.004022] Calibrating delay loop (skipped) preset value.. 5183.99 BogoMIPS (lpj=10367992)
[    0.008012] pid_max: default: 32768 minimum: 301
[    0.012099] Security Framework initialized
[    0.016043] Yama: becoming mindful.
[    0.020134] AppArmor: AppArmor initialized
[    0.036346] Dentry cache hash table entries: 131072 (order: 8, 1048576 bytes)
[    0.044741] Inode-cache hash table entries: 65536 (order: 7, 524288 bytes)
[    0.048202] Mount-cache hash table entries: 2048 (order: 2, 16384 bytes)
[    0.052110] Mountpoint-cache hash table entries: 2048 (order: 2, 16384 bytes)
[    0.065815] Last level iTLB entries: 4KB 64, 2MB 8, 4MB 8
[    0.068007] Last level dTLB entries: 4KB 64, 2MB 0, 4MB 0, 1GB 4
[    0.072049] Spectre V1 : Mitigation: usercopy/swapgs barriers and __user pointer sanitization
[    0.076007] Spectre V2 : Mitigation: Retpolines
[    0.080008] Spectre V2 : Spectre v2 / SpectreRSB mitigation: Filling RSB on context switch
[    0.084008] Spectre V2 : Spectre v2 / SpectreRSB : Filling RSB on VMEXIT
[    0.088006] RETBleed: WARNING: Spectre v2 mitigation leaves CPU vulnerable to RETBleed attacks, data leaks possible!
[    0.092009] RETBleed: Vulnerable
[    0.096004] Speculative Store Bypass: Vulnerable
[    0.100113] MDS: Mitigation: Clear CPU buffers
[    0.104009] MMIO Stale Data: Mitigation: Clear CPU buffers
[    0.108011] SRBDS: Unknown: Dependent on hypervisor status
[    0.112222] Freeing SMP alternatives memory: 36K
[    0.234013] APIC calibration not consistent with PM-Timer: 101ms instead of 100ms
[    0.236000] APIC delta adjusted to PM-Timer: 6275539 (6363514)
[    0.236714] smpboot: CPU0: Intel(R) Core(TM) i7-6500U CPU @ 2.50GHz (family: 0x6, model: 0x4e, stepping: 0x3)
[    0.240672] Performance Events: unsupported p6 CPU model 78 no PMU driver, software events only.
[    0.248223] Hierarchical SRCU implementation.
[    0.253168] NMI watchdog: Perf event create on CPU 0 failed with -2
[    0.256168] NMI watchdog: Perf NMI watchdog permanently disabled
[    0.260695] smp: Bringing up secondary CPUs ...
[    0.265444] x86: Booting SMP configuration:
[    0.268010] .... node  #0, CPUs:      #1
[    0.004000] kvm-clock: cpu 1, msr 0:3ff44041, secondary cpu clock
[    0.286663] TSC synchronization [CPU#0 -> CPU#1]:
[    0.288000] Measured 83128 cycles TSC warp between CPUs, turning off TSC clock.
[    0.288000] tsc: Marking TSC unstable due to check_tsc_sync_source failed
[    0.296848] smp: Brought up 1 node, 2 CPUs
[    0.300012] smpboot: Max logical packages: 1
[    0.304007] smpboot: Total of 2 processors activated (10367.99 BogoMIPS)
[    0.312275] devtmpfs: initialized
[    0.316126] x86/mm: Memory block size: 128MB
[    0.324596] evm: security.selinux
[    0.328007] evm: security.SMACK64
[    0.332007] evm: security.SMACK64EXEC
[    0.336006] evm: security.SMACK64TRANSMUTE
[    0.340005] evm: security.SMACK64MMAP
[    0.344004] evm: security.apparmor
[    0.348005] evm: security.ima
[    0.352006] evm: security.capability
[    0.360053] clocksource: jiffies: mask: 0xffffffff max_cycles: 0xffffffff, max_idle_ns: 7645041785100000 ns
[    0.364178] futex hash table entries: 512 (order: 3, 32768 bytes)
[    0.368274] pinctrl core: initialized pinctrl subsystem
[    0.372832] RTC time:  3:06:09, date: 03/25/24
[    0.381456] NET: Registered protocol family 16
[    0.384218] audit: initializing netlink subsys (disabled)
[    0.388339] audit: type=2000 audit(1711335974.553:1): state=initialized audit_enabled=0 res=1
[    0.416038] cpuidle: using governor ladder
[    0.420060] cpuidle: using governor menu
[    0.424159] ACPI: bus type PCI registered
[    0.428014] acpiphp: ACPI Hot Plug PCI Controller Driver version: 0.5
[    0.433812] PCI: Using configuration type 1 for base access
[    0.448513] HugeTLB registered 2.00 MiB page size, pre-allocated 0 pages
[    0.460992] ACPI: Added _OSI(Module Device)
[    0.464010] ACPI: Added _OSI(Processor Device)
[    0.468009] ACPI: Added _OSI(3.0 _SCP Extensions)
[    0.472009] ACPI: Added _OSI(Processor Aggregator Device)
[    0.476174] ACPI: Added _OSI(Linux-Dell-Video)
[    0.480014] ACPI: Added _OSI(Linux-Lenovo-NV-HDMI-Audio)
[    0.484008] ACPI: Added _OSI(Linux-HPI-Hybrid-Graphics)
[    0.492400] ACPI: Executed 1 blocks of module-level executable AML code
[    0.505599] ACPI: Interpreter enabled
[    0.508016] ACPI: (supports S0 S5)
[    0.512005] ACPI: Using IOAPIC for interrupt routing
[    0.516554] PCI: Using host bridge windows from ACPI; if necessary, use "pci=nocrs" and report a bug
[    0.520354] ACPI: Enabled 2 GPEs in block 00 to 07
[    0.549371] ACPI: PCI Root Bridge [PCI0] (domain 0000 [bus 00-ff])
[    0.552024] acpi PNP0A03:00: _OSC: OS supports [ASPM ClockPM Segments MSI]
[    0.557460] acpi PNP0A03:00: _OSC: not requesting OS control; OS requires [ExtendedConfig ASPM ClockPM MSI]
[    0.560039] acpi PNP0A03:00: fail to add MMCONFIG information, can't access extended PCI configuration space under this bridge.
[    0.565840] PCI host bridge to bus 0000:00
[    0.568013] pci_bus 0000:00: root bus resource [io  0x0000-0x0cf7 window]
[    0.572011] pci_bus 0000:00: root bus resource [io  0x0d00-0xffff window]
[    0.576008] pci_bus 0000:00: root bus resource [mem 0x000a0000-0x000bffff window]
[    0.584016] pci_bus 0000:00: root bus resource [mem 0x40000000-0xfdffffff window]
[    0.588012] pci_bus 0000:00: root bus resource [bus 00-ff]
[    0.615109] pci 0000:00:01.1: legacy IDE quirk: reg 0x10: [io  0x01f0-0x01f7]
[    0.616015] pci 0000:00:01.1: legacy IDE quirk: reg 0x14: [io  0x03f6]
[    0.620010] pci 0000:00:01.1: legacy IDE quirk: reg 0x18: [io  0x0170-0x0177]
[    0.624008] pci 0000:00:01.1: legacy IDE quirk: reg 0x1c: [io  0x0376]
[    0.681001] pci 0000:00:07.0: quirk: [io  0x4000-0x403f] claimed by PIIX4 ACPI
[    0.684059] pci 0000:00:07.0: quirk: [io  0x4100-0x410f] claimed by PIIX4 SMB
[    0.716190] ACPI: PCI Interrupt Link [LNKA] (IRQs 5 9 10 *11)
[    0.721682] ACPI: PCI Interrupt Link [LNKB] (IRQs 5 9 *10 11)
[    0.724367] ACPI: PCI Interrupt Link [LNKC] (IRQs 5 *9 10 11)
[    0.728525] ACPI: PCI Interrupt Link [LNKD] (IRQs 5 9 10 *11)
[    0.736144] SCSI subsystem initialized
[    0.744365] pci 0000:00:02.0: vgaarb: setting as boot VGA device
[    0.748000] pci 0000:00:02.0: vgaarb: VGA device added: decodes=io+mem,owns=io+mem,locks=none
[    0.748017] pci 0000:00:02.0: vgaarb: bridge control possible
[    0.752006] vgaarb: loaded
[    0.756227] ACPI: bus type USB registered
[    0.760055] usbcore: registered new interface driver usbfs
[    0.764112] usbcore: registered new interface driver hub
[    0.768047] usbcore: registered new device driver usb
[    0.776462] EDAC MC: Ver: 3.0.0
[    0.788262] PCI: Using ACPI for IRQ routing
[    0.793272] NetLabel: Initializing
[    0.796010] NetLabel:  domain hash size = 128
[    0.800005] NetLabel:  protocols = UNLABELED CIPSOv4 CALIPSO
[    0.808029] NetLabel:  unlabeled traffic allowed by default
[    0.816307] clocksource: Switched to clocksource kvm-clock
[    0.893659] VFS: Disk quotas dquot_6.6.0
[    0.896744] VFS: Dquot-cache hash table entries: 512 (order 0, 4096 bytes)
[    0.896744] AppArmor: AppArmor Filesystem Enabled
[    0.922324] pnp: PnP ACPI init
[    0.926111] pnp: PnP ACPI: found 3 devices
[    1.030756] clocksource: acpi_pm: mask: 0xffffff max_cycles: 0xffffff, max_idle_ns: 2085701024 ns
[    1.032491] NET: Registered protocol family 2
[    1.032491] IP idents hash table entries: 16384 (order: 5, 131072 bytes)
[    1.069946] TCP established hash table entries: 8192 (order: 4, 65536 bytes)
[    1.084052] TCP bind hash table entries: 8192 (order: 5, 131072 bytes)
[    1.095156] TCP: Hash tables configured (established 8192 bind 8192)
[    1.098503] UDP hash table entries: 512 (order: 2, 16384 bytes)
[    1.098503] UDP-Lite hash table entries: 512 (order: 2, 16384 bytes)
[    1.098503] NET: Registered protocol family 1
[    1.098503] pci 0000:00:00.0: Limiting direct PCI/PCI transfers
[    1.098503] pci 0000:00:01.0: Activating ISA DMA hang workarounds
[    1.098503] pci 0000:00:02.0: Video device with shadowed ROM at [mem 0x000c0000-0x000dffff]
[    1.098503] Unpacking initramfs...
[    2.168348] Freeing initrd memory: 19528K
[    2.177561] clocksource: tsc: mask: 0xffffffffffffffff max_cycles: 0x255cb518234, max_idle_ns: 440795279333 ns
[    2.197148] platform rtc_cmos: registered platform RTC device (no PNP device found)
[    2.210434] Scanning for low memory corruption every 60 seconds
[    2.225687] Initialise system trusted keyrings
[    2.231993] Key type blacklist registered
[    2.242070] workingset: timestamp_bits=36 max_order=18 bucket_order=0
[    2.257705] zbud: loaded
[    2.265933] squashfs: version 4.0 (2009/01/31) Phillip Lougher
[    2.278064] fuse init (API version 7.26)
[    2.336927] Key type asymmetric registered
[    2.345370] Asymmetric key parser 'x509' registered
[    2.355433] Block layer SCSI generic (bsg) driver version 0.4 loaded (major 246)
[    2.370376] io scheduler noop registered
[    2.378140] io scheduler deadline registered
[    2.386542] io scheduler cfq registered (default)
[    2.396312] ACPI: AC Adapter [AC] (off-line)
[    2.405794] input: Power Button as /devices/LNXSYSTM:00/LNXPWRBN:00/input/input0
[    2.421208] ACPI: Power Button [PWRF]
[    2.428235] input: Sleep Button as /devices/LNXSYSTM:00/LNXSLPBN:00/input/input1
[    2.431882] ACPI: Sleep Button [SLPF]
[    2.453222] Serial: 8250/16550 driver, 32 ports, IRQ sharing enabled
[    2.456000] ACPI: Battery Slot [BAT0] (battery present)
[    2.505718] 00:02: ttyS0 at I/O 0x3f8 (irq = 4, base_baud = 115200) is a 16550A
[    2.553782] Linux agpgart interface v0.103
[    2.586600] loop: module loaded
[    2.598460] scsi host0: ata_piix
[    2.606453] scsi host1: ata_piix
[    2.610343] ata1: PATA max UDMA/33 cmd 0x1f0 ctl 0x3f6 bmdma 0xd000 irq 14
[    2.610343] ata2: PATA max UDMA/33 cmd 0x170 ctl 0x376 bmdma 0xd008 irq 15
[    2.639934] tun: Universal TUN/TAP device driver, 1.6
[    2.653493] PPP generic driver version 2.4.2
[    2.662019] ehci_hcd: USB 2.0 'Enhanced' Host Controller (EHCI) Driver
[    2.674674] ehci-pci: EHCI PCI platform driver
[    2.682859] ehci-platform: EHCI generic platform driver
[    2.693993] ohci_hcd: USB 1.1 'Open' Host Controller (OHCI) Driver
[    2.705446] ohci-pci: OHCI PCI platform driver
[    2.714277] ohci-platform: OHCI generic platform driver
[    2.724585] uhci_hcd: USB Universal Host Controller Interface driver
[    2.735388] i8042: PNP: PS/2 Controller [PNP0303:PS2K,PNP0f03:PS2M] at 0x60,0x64 irq 1,12
[    2.757551] serio: i8042 KBD port at 0x60,0x64 irq 1
[    2.766242] serio: i8042 AUX port at 0x60,0x64 irq 12
[    2.777241] mousedev: PS/2 mouse device common for all mice
[    2.796485] rtc_cmos rtc_cmos: rtc core: registered rtc_cmos as rtc0
[    2.813975] rtc_cmos rtc_cmos: alarms up to one day, 114 bytes nvram
[    2.827709] i2c /dev entries driver
[    2.836724] device-mapper: uevent: version 1.0.3
[    2.846535] device-mapper: ioctl: 4.37.0-ioctl (2017-09-20) initialised: dm-devel@redhat.com
[    2.905469] ledtrig-cpu: registered to indicate activity on CPUs
[    2.916453] input: AT Translated Set 2 keyboard as /devices/platform/i8042/serio0/input/input2
[    2.934381] NET: Registered protocol family 10
[    2.970040] Segment Routing with IPv6
[    2.977890] NET: Registered protocol family 17
[    2.987268] Key type dns_resolver registered
[    2.998586] mce: Using 0 MCE banks
[    3.007113] RAS: Correctable Errors collector initialized.
[    3.019527] sched_clock: Marking stable (3019278389, 0)->(4971777556, -1952499167)
[    3.045331] registered taskstats version 1
[    3.053179] Loading compiled-in X.509 certificates
[    3.072424] Loaded X.509 cert 'Build time autogenerated kernel key: b5b26778eaa3ab3a4a6cee031137706e947d12ad'
[    3.095984] Loaded X.509 cert 'Canonical Ltd. Live Patch Signing: 14df34d1a87cf37625abec039ef2bf521249b969'
[    3.117852] Loaded X.509 cert 'Canonical Ltd. Kernel Module Signing: 88f752e560a1e0737e31163a466ad7b70a850c19'
[    3.138074] blacklist: Loading compiled-in revocation X.509 certificates
[    3.149344] Loaded X.509 cert 'Canonical Ltd. Secure Boot Signing: 61482aa2830d0ab2ad5af10b7250da9033ddcef0'
[    3.166893] Loaded X.509 cert 'Canonical Ltd. Secure Boot Signing (2017): 242ade75ac4a15e50d50c84b0d45ff3eae707a03'
[    3.185280] Loaded X.509 cert 'Canonical Ltd. Secure Boot Signing (ESM 2018): 365188c1d374d6b07c3c8f240f8ef722433d6a8b'
[    3.204076] Loaded X.509 cert 'Canonical Ltd. Secure Boot Signing (2019): c0746fd6c5da3ae827864651ad66ae47fe24b3e8'
[    3.226785] Loaded X.509 cert 'Canonical Ltd. Secure Boot Signing (2021 v1): a8d54bbb3825cfb94fa13c9f8a594a195c107b8d'
[    3.245901] Loaded X.509 cert 'Canonical Ltd. Secure Boot Signing (2021 v2): 4cf046892d6fd3c9a5b03f98d845f90851dc6a8c'
[    3.269306] Loaded X.509 cert 'Canonical Ltd. Secure Boot Signing (2021 v3): 100437bb6de6e469b581e61cd66bce3ef4ed53af'
[    3.288048] Loaded X.509 cert 'Canonical Ltd. Secure Boot Signing (Ubuntu Core 2019): c1d57b8f6b743f23ee41f4f7ee292f06eecadfb9'
[    3.309976] zswap: loaded using pool lzo/zbud
[    3.347427] Key type big_key registered
[    3.355771] Key type trusted registered
[    3.370243] Key type encrypted registered
[    3.377758] AppArmor: AppArmor sha1 policy hashing enabled
[    3.386271] ima: No TPM chip found, activating TPM-bypass! (rc=-19)
[    3.396829] ima: Allocated hash algorithm: sha1
[    3.405196] evm: HMAC attrs: 0x1
[    3.412518]   Magic number: 0:241:109
[    3.423760] rtc_cmos rtc_cmos: setting system clock to 2024-03-25 03:06:12 UTC (1711335972)
[    3.440778] BIOS EDD facility v0.16 2004-Jun-25, 0 devices found
[    3.451682] EDD information not available.
[    3.469014] Freeing unused kernel image memory: 2480K
[    3.496819] Write protecting the kernel read-only data: 20480k
[    3.511010] Freeing unused kernel image memory: 2008K
[    3.523205] Freeing unused kernel image memory: 1820K
[    3.544527] x86/mm: Checked W+X mappings: passed, no W+X pages found.
[    3.557759] x86/mm: Checking user space page tables
[    3.578892] x86/mm: Checked W+X mappings: passed, no W+X pages found.
Loading, please wait...
starting version 237
[    3.858482] e1000: Intel(R) PRO/1000 Network Driver - version 7.3.21-k8-NAPI
[    3.873417] e1000: Copyright (c) 1999-2006 Intel Corporation.
[    3.917469] Fusion MPT base driver 3.04.20
[    3.926852] Copyright (c) 1999-2008 LSI Corporation
[    4.023465] Fusion MPT SPI Host driver 3.04.20
[    4.053596] SSE version of gcm_enc/dec engaged.
[    4.291998] input: ImExPS/2 Generic Explorer Mouse as /devices/platform/i8042/serio1/input/input4
[    5.680845] e1000 0000:00:03.0 eth0: (PCI:33MHz:32-bit) 02:3b:7b:b7:3b:2d
[    5.699121] e1000 0000:00:03.0 eth0: Intel(R) PRO/1000 Network Connection
[    5.729568] mptbase: ioc0: Initiating bringup
[    6.010457] ioc0: LSI53C1030 A0: Capabilities={Initiator}
[    7.012367] scsi host2: ioc0: LSI53C1030 A0, FwRev=00000000h, Ports=1, MaxQ=256, IRQ=20
[    7.204191] scsi 2:0:0:0: Direct-Access     VBOX     HARDDISK         1.0  PQ: 0 ANSI: 5
[    7.278415] scsi target2:0:0: Beginning Domain Validation
[    7.321397] scsi target2:0:0: Domain Validation skipping write tests
[    7.349552] scsi target2:0:0: Ending Domain Validation
[    7.367890] scsi target2:0:0: asynchronous
[    7.389337] scsi 2:0:1:0: Direct-Access     VBOX     HARDDISK         1.0  PQ: 0 ANSI: 5
[    7.660357] scsi target2:0:1: Beginning Domain Validation
[    7.685317] scsi target2:0:1: Domain Validation skipping write tests
[    7.697257] scsi target2:0:1: Ending Domain Validation
[    7.707096] scsi target2:0:1: asynchronous
[    7.746833] sd 2:0:0:0: [sda] 83886080 512-byte logical blocks: (42.9 GB/40.0 GiB)
[    7.760420] sd 2:0:0:0: Attached scsi generic sg0 type 0
[    7.770340] sd 2:0:0:0: [sda] Write Protect is off
[    7.780495] sd 2:0:1:0: Attached scsi generic sg1 type 0
[    7.791364] sd 2:0:0:0: [sda] Incomplete mode parameter data
[    7.802422] sd 2:0:0:0: [sda] Assuming drive cache: write through
[    7.816883] sd 2:0:1:0: [sdb] 20480 512-byte logical blocks: (10.5 MB/10.0 MiB)
[    7.832461] sd 2:0:1:0: [sdb] Write Protect is off
[    7.845592]  sda: sda1
[    7.854023] sd 2:0:1:0: [sdb] Incomplete mode parameter data
[    7.865300] sd 2:0:1:0: [sdb] Assuming drive cache: write through
[    7.880755] sd 2:0:0:0: [sda] Attached SCSI disk
[    7.903745] sd 2:0:1:0: [sdb] Attached SCSI disk
[    8.533990] e1000 0000:00:08.0 eth1: (PCI:33MHz:32-bit) 08:00:27:d9:c2:49
[    8.545948] e1000 0000:00:08.0 eth1: Intel(R) PRO/1000 Network Connection
[    8.564362] e1000 0000:00:08.0 enp0s8: renamed from eth1
[    8.598771] e1000 0000:00:03.0 enp0s3: renamed from eth0
Begin: Loading essential drivers ... [   13.020595] raid6: sse2x1   gen() 50006 MB/s
[   15.016858] raid6: sse2x1   xor() 101624 MB/s
[   17.008366] raid6: sse2x2   gen() 167986 MB/s
[   18.056552] raid6: sse2x2   xor()  5797 MB/s
[   18.118075] raid6: sse2x4   gen() 11428 MB/s
[   18.181246] raid6: sse2x4   xor()  8096 MB/s
[   18.190571] raid6: using algorithm sse2x2 gen() 167986 MB/s
[   18.201405] raid6: .... xor() 5797 MB/s, rmw enabled
[   18.211244] raid6: using ssse3x2 recovery algorithm
[   18.224606] xor: measuring software checksum speed
[   18.272386]    prefetch64-sse: 13237.000 MB/sec
[   18.320258]    generic_sse: 10986.000 MB/sec
[   18.327890] xor: using function: prefetch64-sse (13237.000 MB/sec)
[   18.343490] async_tx: api initialized (async)
done.
Begin: Running /scripts/init-premount ... done.
Begin: Mounting root file system ... Begin: Running /scripts/local-top ... done.
Begin: Running /scripts/local-premount ... [   18.489916] Btrfs loaded, crc32c=crc32c-intel
Scanning for Btrfs filesystems
done.
Warning: fsck not present, so skipping root file system
[   18.603029] EXT4-fs (sda1): mounted filesystem with ordered data mode. Opts: (null)
done.
Begin: Running /scripts/local-bottom ... done.
Begin: Running /scripts/init-bottom ... done.
[   19.057363] ip_tables: (C) 2000-2006 Netfilter Core Team
[   19.097386] systemd[1]: systemd 237 running in system mode. (+PAM +AUDIT +SELINUX +IMA +APPARMOR +SMACK +SYSVINIT +UTMP +LIBCRYPTSETUP +GCRYPT +GNUTLS +ACL +XZ +LZ4 +SECCOMP +BLKID +ELFUTILS +KMOD -IDN2 +IDN -PCRE2 default-hierarchy=hybrid)
[   19.127883] systemd[1]: Detected virtualization oracle.
[   19.135758] systemd[1]: Detected architecture x86-64.

Welcome to [1mUbuntu 18.04.6 LTS[0m!

[   19.213128] systemd[1]: Set hostname to <ubuntu>.
[   19.237955] systemd[1]: Initializing machine ID from random generator.
[   19.250467] systemd[1]: Installed transient /etc/machine-id file.
[   19.839285] systemd[1]: Set up automount Arbitrary Executable File Formats File System Automount Point.
[[0;32m  OK  [0m] Set up automount Arbitrary Executabâ€¦rmats File System Automount Point.
[   19.890926] systemd[1]: Created slice User and Session Slice.
[[0;32m  OK  [0m] Created slice User and Session Slice.
[   19.905651] systemd[1]: Created slice System Slice.
[[0;32m  OK  [0m] Created slice System Slice.
[   19.917509] systemd[1]: Listening on Syslog Socket.
[[0;32m  OK  [0m] Listening on Syslog Socket.
[[0;32m  OK  [0m] Listening on udev Control Socket.
[[0;32m  OK  [0m] Listening on Journal Audit Socket.
[[0;32m  OK  [0m] Listening on LVM2 metadata daemon socket.
[[0;32m  OK  [0m] Listening on LVM2 poll daemon socket.
[[0;32m  OK  [0m] Listening on Journal Socket (/dev/log).
[[0;32m  OK  [0m] Listening on fsck to fsckd communication Socket.
[[0;32m  OK  [0m] Listening on Device-mapper event daemon FIFOs.
[[0;32m  OK  [0m] Reached target System Time Synchronized.
[[0;32m  OK  [0m] Reached target User and Group Name Lookups.
[[0;32m  OK  [0m] Reached target Mounting snaps.
[[0;32m  OK  [0m] Started Forward Password Requests to Wall Directory Watch.
[[0;32m  OK  [0m] Reached target Swap.
[[0;32m  OK  [0m] Listening on udev Kernel Socket.
[[0;32m  OK  [0m] Listening on Network Service Netlink Socket.
[[0;32m  OK  [0m] Listening on /dev/initctl Compatibility Named Pipe.
[[0;32m  OK  [0m] Reached target Slices.
[[0;32m  OK  [0m] Listening on Journal Socket.
         Starting Uncomplicated firewall...
         Mounting POSIX Message Queue File System...
         Starting Set the console keyboard layout...
         Starting Create list of required stâ€¦ce nodes for the current kernel...
         Mounting Kernel Debug File System...
         Starting Monitoring of LVM2 mirrorsâ€¦ng dmeventd or progress polling...
         Starting File System Check on Root Device...
         Mounting Huge Pages File System...
         Starting udev Coldplug all Devices...
         Starting Load Kernel Modules...
         Starting Journal Service...
[[0;32m  OK  [0m] Reached target Mounted snaps.
[[0;32m  OK  [0m] Created slice system-serial\x2dgetty.slice.
[[0;32m  OK  [0m] Started Uncomplicated firewall.
[[0;32m  OK  [0m] Mounted POSIX Message Queue File System.
[[0;32m  OK  [0m] Started Create list of required staâ€¦vice nodes for the current kernel.
[[0;32m  OK  [0m] Mounted Kernel Debug File System.
[[0;32m  OK  [0m] Mounted Huge Pages File System.
[   20.288954] Loading iSCSI transport class v2.0-870.
[[0;32m  OK  [0m] Started LVM2 metadata daemon.
[[0;32m  OK  [0m] Started File System Check Daemon to report status.
         Starting Create Static Device Nodes in /dev...
[[0;32m  OK  [0m] Started udev Coldplug all Devices.
[[0;32m  OK  [0m] Started Journal Service.
[[0;32m  OK  [0m] Started File System Check on Root Device.
         Starting Remount Root and Kernel File Systems...
[   20.501442] iscsi: registered transport (tcp)
[[0;32m  OK  [0m] Started Create Static Device Nodes in /dev.
[   20.602124] EXT4-fs (sda1): re-mounted. Opts: (null)
[[0;32m  OK  [0m] Started Remount Root and Kernel File Systems.
[[0;32m  OK  [0m] Started Monitoring of LVM2 mirrors,â€¦sing dmeventd or progress polling.
         Starting udev Kernel Device Manager...
         Starting Load/Save Random Seed...
         Starting Flush Journal to Persistent Storage...
[   20.731030] iscsi: registered transport (iser)
[[0;32m  OK  [0m] Started Load/Save Random Seed.
[[0;32m  OK  [0m] Started Load Kernel Modules.
         Mounting FUSE Control File System...
         Starting Apply Kernel Variables...
         Mounting Kernel Configuration File System...
[   20.774050] systemd-journald[410]: Received request to flush runtime journal from PID 1
[[0;32m  OK  [0m] Mounted Kernel Configuration File System.
[[0;32m  OK  [0m] Mounted FUSE Control File System.
[[0;32m  OK  [0m] Started udev Kernel Device Manager.
[[0;32m  OK  [0m] Started Apply Kernel Variables.
[[0;32m  OK  [0m] Started Flush Journal to Persistent Storage.
[[0;32m  OK  [0m] Found device /dev/ttyS0.
[[0;32m  OK  [0m] Listening on Load/Save RF Kill Switch Status /dev/rfkill Watch.
[[0;32m  OK  [0m] Started Set the console keyboard layout.
[[0;32m  OK  [0m] Reached target Local File Systems (Pre).
[[0;32m  OK  [0m] Reached target Local File Systems.
         Starting Create Volatile Files and Directories...
         Starting ebtables ruleset management...
         Starting Set console font and keymap...
         Starting Commit a transient machine-id on disk...
         Starting Tell Plymouth To Write Out Runtime Data...
         Starting AppArmor initialization...
[[0;32m  OK  [0m] Started Dispatch Password Requests to Console Directory Watch.
[[0;32m  OK  [0m] Reached target Local Encrypted Volumes.
[[0;32m  OK  [0m] Started Create Volatile Files and Directories.
[[0;32m  OK  [0m] Started Commit a transient machine-id on disk.
[[0;32m  OK  [0m] Started Tell Plymouth To Write Out Runtime Data.
         Starting Update UTMP about System Boot/Shutdown...
[[0;32m  OK  [0m] Started Update UTMP about System Boot/Shutdown.
[[0;32m  OK  [0m] Started ebtables ruleset management.
         Mounting Arbitrary Executable File Formats File System...
[[0;32m  OK  [0m] Mounted Arbitrary Executable File Formats File System.
[[0;32m  OK  [0m] Started AppArmor initialization.
         Starting Initial cloud-init job (pre-networking)...
         Starting Load AppArmor profiles managed internally by snapd...
[[0;32m  OK  [0m] Started Load AppArmor profiles managed internally by snapd.
[[0;32m  OK  [0m] Started Set console font and keymap.
[   29.209279] cloud-init[750]: Cloud-init v. 23.1.2-0ubuntu0~18.04.1 running 'init-local' at Mon, 25 Mar 2024 03:06:37 +0000. Up 28.45 seconds.
[[0;32m  OK  [0m] Started Initial cloud-init job (pre-networking).
[[0;32m  OK  [0m] Reached target Network (Pre).
         Starting Network Service...
[[0;32m  OK  [0m] Started Network Service.
         Starting Network Name Resolution...
         Starting Wait for Network to be Configured...
[[0;32m  OK  [0m] Started Network Name Resolution.
[[0;32m  OK  [0m] Reached target Network.
[[0;32m  OK  [0m] Reached target Host and Network Name Lookups.
[[0;32m  OK  [0m] Started Wait for Network to be Configured.
         Starting Initial cloud-init job (metadata service crawler)...
[   32.426490] cloud-init[890]: Cloud-init v. 23.1.2-0ubuntu0~18.04.1 running 'init' at Mon, 25 Mar 2024 03:06:41 +0000. Up 32.05 seconds.
[   32.441095] cloud-init[890]: ci-info: ++++++++++++++++++++++++++++++++++++++Net device info+++++++++++++++++++++++++++++++++++++++
[   32.452290] cloud-init[890]: ci-info: +--------+-------+----------------------------+---------------+--------+-------------------+
[   32.461239] cloud-init[890]: ci-info: | Device |   Up  |          Address           |      Mask     | Scope  |     Hw-Address    |
[   32.471107] cloud-init[890]: ci-info: +--------+-------+----------------------------+---------------+--------+-------------------+
[   32.482733] cloud-init[890]: ci-info: | enp0s3 |  True |         10.0.2.15          | 255.255.255.0 | global | 02:3b:7b:b7:3b:2d |
[   32.492793] cloud-init[890]: ci-info: | enp0s3 |  True | fe80::3b:7bff:feb7:3b2d/64 |       .       |  link  | 02:3b:7b:b7:3b:2d |
[   32.503289] cloud-init[890]: ci-info: | enp0s8 | False |             .              |       .       |   .    | 08:00:27:d9:c2:49 |
[   32.513935] cloud-init[890]: ci-info: |   lo   |  True |         127.0.0.1          |   255.0.0.0   |  host  |         .         |
[   32.523120] cloud-init[890]: ci-info: |   lo   |  True |          ::1/128           |       .       |  host  |         .         |
[   32.534064] cloud-init[890]: ci-info: +--------+-------+----------------------------+---------------+--------+-------------------+
[   32.547200] cloud-init[890]: ci-info: ++++++++++++++++++++++++++++Route IPv4 info+++++++++++++++++++++++++++++
[   32.557454] cloud-init[890]: ci-info: +-------+-------------+----------+-----------------+-----------+-------+
[   32.572960] cloud-init[890]: ci-info: | Route | Destination | Gateway  |     Genmask     | Interface | Flags |
[   32.583635] cloud-init[890]: ci-info: +-------+-------------+----------+-----------------+-----------+-------+
[   32.594597] cloud-init[890]: ci-info: |   0   |   0.0.0.0   | 10.0.2.2 |     0.0.0.0     |   enp0s3  |   UG  |
[   32.610843] cloud-init[890]: ci-info: |   1   |   10.0.2.0  | 0.0.0.0  |  255.255.255.0  |   enp0s3  |   U   |
[   32.625346] cloud-init[890]: ci-info: |   2   |   10.0.2.2  | 0.0.0.0  | 255.255.255.255 |   enp0s3  |   UH  |
[   32.636895] cloud-init[890]: ci-info: +-------+-------------+----------+-----------------+-----------+-------+
[   32.649206] cloud-init[890]: ci-info: +++++++++++++++++++Route IPv6 info+++++++++++++++++++
[   32.658501] cloud-init[890]: ci-info: +-------+-------------+---------+-----------+-------+
[   32.665659] cloud-init[890]: ci-info: | Route | Destination | Gateway | Interface | Flags |
[   32.674740] cloud-init[890]: ci-info: +-------+-------------+---------+-----------+-------+
[   32.682115] cloud-init[890]: ci-info: |   1   |  fe80::/64  |    ::   |   enp0s3  |   U   |
[   32.690296] cloud-init[890]: ci-info: |   3   |    local    |    ::   |   enp0s3  |   U   |
[   32.701720] cloud-init[890]: ci-info: |   4   |   ff00::/8  |    ::   |   enp0s3  |   U   |
[   32.708502] cloud-init[890]: ci-info: +-------+-------------+---------+-----------+-------+
[   34.701520] cloud-init[890]: Generating public/private rsa key pair.
[   34.706918] cloud-init[890]: Your identification has been saved in /etc/ssh/ssh_host_rsa_key.
[   34.714411] cloud-init[890]: Your public key has been saved in /etc/ssh/ssh_host_rsa_key.pub.
[   34.723596] cloud-init[890]: The key fingerprint is:
[   34.727737] cloud-init[890]: SHA256:BLb3iZnHrMpO0oxt3j41izsDyigpZWj0sCkcdyKO/98 root@ubuntu-bionic
[   34.734894] cloud-init[890]: The key's randomart image is:
[   34.740422] cloud-init[890]: +---[RSA 2048]----+
[   34.744556] cloud-init[890]: |      o          |
[   34.750200] cloud-init[890]: |     . o         |
[   34.754759] cloud-init[890]: |      . o        |
[   34.760212] cloud-init[890]: | = o . o B .     |
[   34.769812] cloud-init[890]: |=.O o   S *      |
[   34.780961] cloud-init[890]: |+*o. =.  oo      |
[   34.790949] cloud-init[890]: |o= oo.*..o o     |
[   34.801390] cloud-init[890]: |+ o o* += .      |
[   34.811012] cloud-init[890]: |.. ..o*.E=       |
[   34.836167] cloud-init[890]: +----[SHA256]-----+
[   34.847736] cloud-init[890]: Generating public/private dsa key pair.
[   34.861689] cloud-init[890]: Your identification has been saved in /etc/ssh/ssh_host_dsa_key.
[   34.877873] cloud-init[890]: Your public key has been saved in /etc/ssh/ssh_host_dsa_key.pub.
[   34.893141] cloud-init[890]: [[0;32m  OK  [0m] Started Initial cloud-init job (metadata service crawler).
[[0;32m  OK  [0m] Reached target System Initialization.
[[0;32m  OK  [0m] Listening on cloud-init hotplug hook socket.
[[0;32m  OK  [0m] Listening on Open-iSCSI iscsid Socket.
[[0;32m  OK  [0m] Started Discard unused blocks once a week.
[[0;32m  OK  [0m] Started ACPI Events Check.
[[0;32m  OK  [0m] Listening on ACPID Listen Socket.
         Starting Socket activation for snappy daemon.
[[0;32m  OK  [0m] Started Ubuntu Advantage Timer for running repeated jobs.
[[0;32m  OK  [0m] Reached target Paths.
         Starting LXD - unix socket.
[[0;32m  OK  [0m] Listening on D-Bus System Message Bus Socket.
[[0;32m  OK  [0m] Started Daily Cleanup of Temporary Directories.
[[0;32m  OK  [0m] Started Daily apt download activities.
[[0;32m  OK  [0m] Started Daily apt upgrade and clean activities.
[[0;32m  OK  [0m] Started Message of the Day.
[[0;32m  OK  [0m] Reached target Timers.
[[0;32m  OK  [0m] Listening on UUID daemon activation socket.
[[0;32m  OK  [0m] Reached target Network is Online.
         Starting Availability of block devices...
[[0;32m  OK  [0m] Reached target Remote File Systems (Pre).
[[0;32m  OK  [0m] Reached target Remote File Systems.
[[0;32m  OK  [0m] Reached target Cloud-config availability.
[[0;32m  OK  [0m] Listening on Socket activation for snappy daemon.
[[0;32m  OK  [0m] Listening on LXD - unix socket.
[[0;32m  OK  [0m] Reached target Sockets.
[[0;32m  OK  [0m] Reached target Basic System.
         Starting Permit User Sessions...
[[0;32m  OK  [0m] Started FUSE filesystem for LXC.
         Starting LSB: Record successful boot for GRUB...
The key fingerprint is:[[0;32m  OK  [0m] Started D-Bus System Message Bus.

[   35.154524] cloud-init[890]: SHA256:w2ZSOAOz+QXT5s69uXWvmaDcvy2JIas8C/bSq1eITPo root@ubuntu-bionic
[   35.190332] cloud-init[890]: The key's randomart image is:
[   35.202002] cloud-init[890]: +---[DSA 1024]----+
[   35.207627] cloud-init[890]: |    o o.         |
[   35.213247] cloud-init[890]: |     = +o        |
[   35.217703] cloud-init[890]: |    o +oo        |
[   35.222614] cloud-init[890]: |     ..*.        |
[   35.227710] cloud-init[890]: |     +o+So       |
[   35.234079] cloud-init[890]: |    . o++.+ .    |
[   35.242722] cloud-init[890]: |     .o. . =oo.. |
[   35.251841] cloud-init[890]: |     .E++.++.oo= |
[   35.257890] cloud-init[890]: |      .+*=+...*+o|
[   35.277581] cloud-init[890]: +----[SHA256]-----+
[   35.292010]          Starting Login Service...
         Starting Accounts Service...
[[0;32m  OK  [0m] Started irqbalance daemon.
cloud-init         Starting Pollinate to seed the pseudo random number generator...
[890]: Generating public/private ecdsa key pair.
[   35.374540] cloud-init[890]: Your identification has been saved in /etc/ssh/ssh_host_ecdsa_key.
[   35.394969] cloud-init[890]: Your public key has been saved in /etc/ssh/ssh_host_ecdsa_key.pub.
[   35.401492] cloud-init[890]: The key fingerprint is:
[   35.407045] cloud-init[890]: SHA256:olgluEYxsG3+jcbl3GD/mYkXGN+SsSHH8pw1eKglqw8 root@ubuntu-bionic
[   35.413717] cloud-init[890]: The key's randomart image is:
[   35.418912] cloud-init[890]: +---[ECDSA 256]---+
[   35.422905] cloud-init[890]: |..o              |
[   35.426643] cloud-init[890]: | o +             |
[   35.430198] cloud-init[890]: |. = . .  . o     |
[   35.434881] cloud-init[890]: | + . o  = O +    |
[[0;32m  OK  [0m] Started Regular background program processing daemon.
[   35.462602] cloud-init[890]: |  + . = S# X .   |
[   35.485542] cloud-init[890]: | . = O =+ X .    |
[   35.498027] cloud-init[890]: |  . * E.o  o     |
         Starting Dispatcher daemon for systemd-networkd...
[   35.510607] [[0;32m  OK  [0m] Started Deferred execution scheduler.
[[0;32m  OK  [0m] Reached target Login Prompts (Pre).
cloud-init         Starting System Logging Service...
         Starting LXD - container startup/shutdown...
[890]: |   .  .. o.+     |
[   35.559423] cloud-init[890]: |       .o.=      |
[   35.594142] cloud-init[890]: +----[SHA256]-----+
         Starting Snap Daemon...
         Starting Virtualbox guest utils...
[   35.636180] cloud-init[890]: Generating public/private ed25519 key pair.
[   35.662250] cloud-init[890]: Your identification has been saved in /etc/ssh/ssh_host_ed25519_key.
[   35.687888] cloud-init[890]:          Starting LSB: automatic crash report generation...
Your public key has been saved in /etc/ssh/ssh_host_ed25519_key.pub.[[0;32m  OK  [0m] Started Availability of block devices.
[[0;32m  OK  [0m] Started Permit User Sessions.

[[0;32m  OK  [0m] Started Login Service.
[[0;32m  OK  [0m] Started Unattended Upgrades Shutdown.
         Starting Terminate Plymouth Boot Screen...
         Starting Hold until boot process finishes up...
[   35.797142] [[0;32m  OK  [0m] Started Hold until boot process finishes up.
[[0;32m  OK  [0m] Started Serial Getty on ttyS0.
         Starting Set console scheme...
cloud-init[890]: The key fingerprint is:[[0;32m  OK  [0m] Started Terminate Plymouth Boot Screen.

[   35.866376] cloud-init[890]: SHA256:NzuLE9Lohmxy2hAApYcg/LAUwWNL29OixLYoMK/92UM root@ubuntu-bionic
[   35.926141] cloud-init[890]: The key's randomart image is:
[   35.970538] cloud-init[890]: +--[ED25519 256]--+
[   35.985576] cloud-init[890]: |*++              |
[[0;32m  OK  [0m] Started Set console scheme.
[[0;32m  OK  [0m] Created slice system-getty.slice.
[[0;32m  OK  [0m] Started Getty on tty1.
[[0;32m  OK  [0m] Reached target Login Prompts.
[   35.999768] cloud-init[890]: |+@               |
[   36.035539] cloud-init[890]: |O X .            |
[   36.039767] cloud-init[890]: |oX = .           |
[   36.043653] cloud-init[890]: |=o+ o  oS o      |
[   36.048023] cloud-init[890]: |oo..  E o. o     |
[   36.053429] cloud-init[890]: |.o.. + . .o      |
[   36.059106] cloud-init[890]: |. oo=o+ .. o     |
[   36.102823] cloud-init[890]: |  .*+......      |
[   36.111319] cloud-init[890]: +----[SHA256]-----+
[[0;32m  OK  [0m] Started System Logging Service.
[[0;32m  OK  [0m] Started LSB: automatic crash report generation.
[[0;32m  OK  [0m] Started LSB: Record successful boot for GRUB.
         Starting Authorization Manager...
[[0;32m  OK  [0m] Started Authorization Manager.
[[0;32m  OK  [0m] Started Accounts Service.
[[0;32m  OK  [0m] Started Dispatcher daemon for systemd-networkd.
[[0;32m  OK  [0m] Started Virtualbox guest utils.
[[0;32m  OK  [0m] Started LXD - container startup/shutdown.
[[0;32m  OK  [0m] Started Snap Daemon.
         Starting Wait until snapd is fully seeded...
[[0;32m  OK  [0m] Started Pollinate to seed the pseudo random number generator.
         Starting OpenBSD Secure Shell server...
[[0;32m  OK  [0m] Started OpenBSD Secure Shell server.
[[0;32m  OK  [0m] Created slice User Slice of vagrant.
         Starting User Manager for UID 1000...
[[0;32m  OK  [0m] Started Session 1 of user vagrant.
[[0;32m  OK  [0m] Started User Manager for UID 1000.
         Starting Time & Date Service...
[[0;32m  OK  [0m] Started Time & Date Service.

Ubuntu 18.04.6 LTS ubuntu-bionic ttyS0

ubuntu-bionic login: [   55.065755] cloud-init[1695]: Cloud-init v. 23.1.2-0ubuntu0~18.04.1 running 'modules:config' at Mon, 25 Mar 2024 03:07:03 +0000. Up 54.04 seconds.
ci-info: no authorized SSH keys fingerprints found for user ubuntu.
<14>Mar 25 03:07:05 cloud-init: #############################################################
<14>Mar 25 03:07:05 cloud-init: -----BEGIN SSH HOST KEY FINGERPRINTS-----
<14>Mar 25 03:07:06 cloud-init: 1024 SHA256:w2ZSOAOz+QXT5s69uXWvmaDcvy2JIas8C/bSq1eITPo root@ubuntu-bionic (DSA)
<14>Mar 25 03:07:06 cloud-init: 256 SHA256:olgluEYxsG3+jcbl3GD/mYkXGN+SsSHH8pw1eKglqw8 root@ubuntu-bionic (ECDSA)
<14>Mar 25 03:07:06 cloud-init: 256 SHA256:NzuLE9Lohmxy2hAApYcg/LAUwWNL29OixLYoMK/92UM root@ubuntu-bionic (ED25519)
<14>Mar 25 03:07:06 cloud-init: 2048 SHA256:BLb3iZnHrMpO0oxt3j41izsDyigpZWj0sCkcdyKO/98 root@ubuntu-bionic (RSA)
<14>Mar 25 03:07:06 cloud-init: -----END SSH HOST KEY FINGERPRINTS-----
<14>Mar 25 03:07:06 cloud-init: #############################################################
-----BEGIN SSH HOST KEY KEYS-----
ecdsa-sha2-nistp256 AAAAE2VjZHNhLXNoYTItbmlzdHAyNTYAAAAIbmlzdHAyNTYAAABBBDca/TvK7LuJ0Ta8gt4877iwO8cSneEBU0OksvAs6wmGtObO12HceQBj+WSX56/DzzOfRaUkUJE+hCyq2rgzOkQ= root@ubuntu-bionic
ssh-ed25519 AAAAC3NzaC1lZDI1NTE5AAAAIHNPKPRlEbeuG/NHnwsGnMMrAcuPZI3QCPCs54m0cdx2 root@ubuntu-bionic
ssh-rsa AAAAB3NzaC1yc2EAAAADAQABAAABAQC3vmT0byhIGPvABAJfoyPBFBOseaBCYNTzwKF/o6SHr1SZxgbtAa7HxRfQ2XVh3mjARkpYD5BM8YPUj6o6Z5kRQ7fbj4xvOGZLtoVsysUyBOekYwgHv321E3OrLoiM1s0A8drP5tkvvhKvo6V4cxXmFGUc9rGLt4tFmANRCltUYNlObSnNEDvJ2/nz+y9TjeV2bd+fNsD9UOn6Il9WbGrohG39emMnH7YHvY9cB79F9zNQGTOADtWFzQfLZgG//I/IblOBio+tSIrHAjVw7ekW/u3h4p/ccgfPRDQquLIXDm3Bja1WCUCQXHCyeF+oJkdltgMQMt/2966Rdo9etKEp root@ubuntu-bionic
-----END SSH HOST KEY KEYS-----
[   57.114252] cloud-init[1864]: Cloud-init v. 23.1.2-0ubuntu0~18.04.1 running 'modules:final' at Mon, 25 Mar 2024 03:07:05 +0000. Up 56.49 seconds.
[   57.129282] cloud-init[1864]: Cloud-init v. 23.1.2-0ubuntu0~18.04.1 finished at Mon, 25 Mar 2024 03:07:06 +0000. Datasource DataSourceNoCloud [seed=/dev/sdb][dsmode=net].  Up 57.09 seconds
